// Jest Snapshot v1, https://goo.gl/fbAQLP

exports[`Navlinks renders 1`] = `
<div>
  <ul
    class="MuiBox-root css-4s7zdz"
  />
</div>
`;
